../Core/Src/main.c:97:1:__io_putchar	16	static
../Core/Src/main.c:112:5:main	80	static
../Core/Src/main.c:328:6:SystemClock_Config	96	static
../Core/Src/main.c:377:13:MX_ADC1_Init	48	static
../Core/Src/main.c:489:13:MX_ADC2_Init	32	static
../Core/Src/main.c:574:13:MX_TIM1_Init	40	static
../Core/Src/main.c:621:13:MX_TIM2_Init	64	static
../Core/Src/main.c:680:13:MX_TIM3_Init	64	static
../Core/Src/main.c:739:13:MX_TIM6_Init	24	static
../Core/Src/main.c:777:13:MX_TIM16_Init	80	static
../Core/Src/main.c:840:13:MX_USART1_UART_Init	8	static
../Core/Src/main.c:875:13:MX_GPIO_Init	40	static
../Core/Src/main.c:940:6:tone	32	static
../Core/Src/main.c:951:6:waseda	8	static
../Core/Src/main.c:975:6:MotorForward_R	16	static
../Core/Src/main.c:981:6:MotorForward_L	16	static
../Core/Src/main.c:987:6:MotorReverse_R	16	static
../Core/Src/main.c:992:6:MotorReverse_L	16	static
../Core/Src/main.c:1003:6:Error_Handler	4	static,ignoring_inline_asm
